11:11:33 **** Incremental Build of configuration Debug for project ProyectoDSP ****
make -j4 all 
arm-none-eabi-gcc "../Core/Src/main.c" -mcpu=cortex-m4 -std=gnu11 -g3 -DUSE_HAL_DRIVER -DSTM32F411xE -DDEBUG -c -I"F:/STMCube_Workspace/ProyectoDSP/Drivers/BSP/STM32F411E-Discovery" -I../Middlewares/Third_Party/FreeRTOS/Source/include -I../Middlewares/Third_Party/FreeRTOS/Source/portable/GCC/ARM_CM4F -I../Drivers/CMSIS/Include -I../Drivers/STM32F4xx_HAL_Driver/Inc -I../Core/Inc -I../Drivers/CMSIS/Device/ST/STM32F4xx/Include -I../Middlewares/Third_Party/FreeRTOS/Source/CMSIS_RTOS_V2 -I../Drivers/STM32F4xx_HAL_Driver/Inc/Legacy -O0 -ffunction-sections -fdata-sections -Wall -fstack-usage -MMD -MP -MF"Core/Src/main.d" -MT"Core/Src/main.o" --specs=nano.specs -mfpu=fpv4-sp-d16 -mfloat-abi=hard -mthumb -o "Core/Src/main.o"
arm-none-eabi-gcc -o "ProyectoDSP.elf" @"objects.list"   -mcpu=cortex-m4 -T"F:\STMCube_Workspace\ProyectoDSP\STM32F411VETX_FLASH.ld" --specs=nosys.specs -Wl,-Map="ProyectoDSP.map" -Wl,--gc-sections -static --specs=nano.specs -mfpu=fpv4-sp-d16 -mfloat-abi=hard -mthumb -Wl,--start-group -lc -lm -Wl,--end-group
Finished building target: ProyectoDSP.elf
 
arm-none-eabi-objdump -h -S  ProyectoDSP.elf  > "ProyectoDSP.list"
arm-none-eabi-size   ProyectoDSP.elf 
   text	   data	    bss	    dec	    hex	filename
  32640	    120	  38224	  70984	  11548	ProyectoDSP.elf
Finished building: default.size.stdout
 
Finished building: ProyectoDSP.list
 
